
> vinay@0.0.0 build
> vite build

[36mvite v7.3.1 [32mbuilding client environment for production...[36m[39m
transforming...
[32mΓ£ô[39m 5 modules transformed.
node.exe : [31mΓ£ù[39m Build failed in 468ms
At C:\Program Files\nodejs\npm.ps1:29 char:3
+   & $NODE_EXE $NPM_CLI_JS $args
+   ~~~~~~~~~~~~~~~~~~~~~~~~~~~~~
    + CategoryInfo              : NotSpe    cified: ([31mΓ£    ù[39m Build fai    led in 468ms:Str    ing) [], RemoteE    xception
    + FullyQualified    ErrorId : Native    CommandError
 
[31merror during build:
[31m[vite:esbuild] Transform failed with 2 errors:
D:/antigravity projects/vinay/src/App.jsx:15:7: ERROR: The symbol "EventRegistration" has already been declared
D:/antigravity projects/vinay/src/App.jsx:17:7: ERROR: The symbol "Partners" has already been declared[31m
file: [36mD:/antigravity projects/vinay/src/App.jsx:15:7[31m
[33m
[33mThe symbol "EventRegistration" has already been declared[33m
13 |  import PastEventDetails from './pages/PastEventDetails';
14 |  import EventRegistration from './pages/EventRegistration';
15 |  import EventRegistration from './pages/EventRegistration';
   |         ^
16 |  import Partners from './pages/Partners';
17 |  import Partners from './pages/Partners';

[33mThe symbol "Partners" has already been declared[33m
15 |  import EventRegistration from './pages/EventRegistration';
16 |  import Partners from './pages/Partners';
17 |  import Partners from './pages/Partners';
   |         ^
18 |  import About from './pages/About';
19 |  import Blog from './pages/Blog';
[31m
    at failureErrorWithLog (D:\antigravity projects\vinay\node_modules\esbuild\lib\main.js:1467:15)
    at D:\antigravity projects\vinay\node_modules\esbuild\lib\main.js:736:50
    at responseCallbacks.<computed> (D:\antigravity projects\vinay\node_modules\esbuild\lib\main.js:603:9)
    at handleIncomingPacket (D:\antigravity projects\vinay\node_modules\esbuild\lib\main.js:658:12)
    at Socket.readFromStdout (D:\antigravity projects\vinay\node_modules\esbuild\lib\main.js:581:7)
    at Socket.emit (node:events:507:28)
    at addChunk (node:internal/streams/readable:559:12)
    at readableAddChunkPushByteMode (node:internal/streams/readable:510:3)
    at Readable.push (node:internal/streams/readable:390:5)
    at Pipe.onStreamRead (node:internal/stream_base_commons:189:23)[39m
